!3 = !DIFile(filename: "ttemplate_locals.nim", directory: "<dir>")
!5 = distinct !DISubprogram(name: "run2", scope: !3, file: !3, line: 15, type: !21, scopeLine: 15, spFlags: DISPFlagDefinition, unit: !4, retainedNodes: !22)
!6 = !DILocalVariable(name: "x", arg: 1, scope: !5, file: !3, line: 15, type: !1)
!7 = !DILocation(line: 15, column: 1, scope: !5)
!8 = !DILocalVariable(name: "y", arg: 2, scope: !5, file: !3, line: 15, type: !2)
!9 = !DILocation(line: 15, column: 1, scope: !5)
!11 = distinct !DISubprogram(name: "withTemp", scope: !3, file: !3, line: 10, type: !10, scopeLine: 10, spFlags: DISPFlagDefinition, unit: !4)
!12 = !DILocalVariable(name: "t", scope: !11, file: !3, line: 11, type: !2)
!13 = !DILocation(line: 11, column: 7, scope: !5)
!14 = !DILocation(line: 11, column: 7, scope: !11, inlinedAt: !13)
!15 = !DILocation(line: 11, column: 7, scope: !5)
!16 = !DILocation(line: 11, column: 7, scope: !11, inlinedAt: !15)
!17 = !DILocation(line: 12, column: 5, scope: !5)
!18 = !DILocation(line: 12, column: 5, scope: !11, inlinedAt: !17)
!19 = !DILocation(line: 13, column: 5, scope: !5)
!20 = !DILocation(line: 13, column: 5, scope: !11, inlinedAt: !19)
!23 = !DILocation(line: 15, column: 1, scope: !5)
!45 = distinct !DISubprogram(name: "main", scope: !3, file: !3, line: 10, type: !64, scopeLine: 10, spFlags: DISPFlagDefinition, unit: !4, retainedNodes: !65)
!46 = !DILocalVariable(name: "`argc", arg: 1, scope: !45, file: !3, line: 10, type: !27)
!47 = !DILocation(line: 10, column: 1, scope: !45)
!48 = !DILocalVariable(name: "`argv", arg: 2, scope: !45, file: !3, line: 10, type: !42)
!49 = !DILocation(line: 10, column: 1, scope: !45)
!50 = !DILocalVariable(name: "`envp", arg: 3, scope: !45, file: !3, line: 10, type: !44)
!51 = !DILocation(line: 10, column: 1, scope: !45)
!52 = !DILocation(line: 10, column: 1, scope: !45)
!53 = !DILocation(line: 10, column: 1, scope: !45)
!54 = !DILocation(line: 10, column: 1, scope: !45)
!55 = !DILocation(line: 10, column: 1, scope: !45)
!56 = !DILocation(line: 10, column: 1, scope: !45)
!57 = !DILocation(line: 10, column: 1, scope: !45)
!58 = !DILocation(line: 10, column: 1, scope: !45)
!59 = !DILocation(line: 10, column: 1, scope: !45)
!60 = !DILocation(line: 10, column: 1, scope: !45)
!61 = !DILocation(line: 10, column: 1, scope: !45)
!62 = !DILocation(line: 10, column: 1, scope: !45)
!63 = !DILocation(line: 10, column: 1, scope: !45)
