!2 = !DIFile(filename: "ttemplate_frames.nim", directory: "<dir>")
!4 = distinct !DISubprogram(name: "run", scope: !2, file: !2, line: 18, type: !17, scopeLine: 18, spFlags: DISPFlagDefinition, unit: !3, retainedNodes: !18)
!5 = !DILocalVariable(name: "p", arg: 1, scope: !4, file: !2, line: 18, type: !1)
!6 = !DILocation(line: 18, column: 1, scope: !4)
!7 = !DILocation(line: 19, column: 10, scope: !4)
!9 = distinct !DISubprogram(name: "setElem", scope: !2, file: !2, line: 16, type: !8, scopeLine: 16, spFlags: DISPFlagDefinition, unit: !3)
!10 = !DILocation(line: 16, column: 3, scope: !9, inlinedAt: !7)
!11 = !DIFile(filename: "system.nim", directory: "<dir>")
!12 = distinct !DISubprogram(name: "[]=", scope: !11, file: !11, line: 34, type: !8, scopeLine: 34, spFlags: DISPFlagDefinition, unit: !3)
!13 = !DILocation(line: 34, column: 10, scope: !12, inlinedAt: !10)
!14 = !DILocation(line: 20, column: 10, scope: !4)
!15 = !DILocation(line: 16, column: 3, scope: !9, inlinedAt: !14)
!16 = !DILocation(line: 34, column: 10, scope: !12, inlinedAt: !15)
!19 = !DILocation(line: 18, column: 1, scope: !4)
!23 = distinct !DISubprogram(name: "X60Qini_0_<mod>", scope: !2, file: !2, line: 15, type: !30, scopeLine: 15, spFlags: DISPFlagDefinition, unit: !3, retainedNodes: !31)
!24 = !DILocation(line: 15, column: 1, scope: !23)
!25 = !DILocation(line: 15, column: 1, scope: !23)
!26 = !DILocation(line: 15, column: 1, scope: !23)
!27 = !DILocation(line: 15, column: 1, scope: !23)
!28 = !DILocation(line: 15, column: 1, scope: !23)
!29 = !DILocation(line: 15, column: 1, scope: !23)
!32 = !DILocation(line: 15, column: 1, scope: !23)
!51 = distinct !DISubprogram(name: "main", scope: !2, file: !2, line: 15, type: !64, scopeLine: 15, spFlags: DISPFlagDefinition, unit: !3, retainedNodes: !65)
!52 = !DILocalVariable(name: "`argc", arg: 1, scope: !51, file: !2, line: 15, type: !33)
!53 = !DILocation(line: 15, column: 1, scope: !51)
!54 = !DILocalVariable(name: "`argv", arg: 2, scope: !51, file: !2, line: 15, type: !48)
!55 = !DILocation(line: 15, column: 1, scope: !51)
!56 = !DILocalVariable(name: "`envp", arg: 3, scope: !51, file: !2, line: 15, type: !50)
!57 = !DILocation(line: 15, column: 1, scope: !51)
!58 = !DILocation(line: 15, column: 1, scope: !51)
!59 = !DILocation(line: 15, column: 1, scope: !51)
!60 = !DILocation(line: 15, column: 1, scope: !51)
!61 = !DILocation(line: 15, column: 1, scope: !51)
!62 = !DILocation(line: 15, column: 1, scope: !51)
!63 = !DILocation(line: 15, column: 1, scope: !51)
