!2 = !DIFile(filename: "ttemplate_frames.nim", directory: "<dir>")
!4 = distinct !DISubprogram(name: "run", scope: !2, file: !2, line: 18, type: !19, scopeLine: 18, spFlags: DISPFlagDefinition, unit: !3, retainedNodes: !20)
!5 = !DILocalVariable(name: "p", arg: 1, scope: !4, file: !2, line: 18, type: !1)
!6 = !DILocation(line: 18, column: 1, scope: !4)
!7 = !DIFile(filename: "system.nim", directory: "<dir>")
!9 = !DILocation(line: 34, column: 10, scope: !8)
!11 = distinct !DISubprogram(name: "setElem", scope: !2, file: !2, line: 15, type: !10, scopeLine: 15, spFlags: DISPFlagDefinition, unit: !3)
!12 = distinct !DISubprogram(name: "[]=", scope: !7, file: !7, line: 33, type: !10, scopeLine: 33, spFlags: DISPFlagDefinition, unit: !3)
!13 = !DILocation(line: 34, column: 10, scope: !11, inlinedAt: !9)
!14 = !DILocation(line: 34, column: 10, scope: !12, inlinedAt: !13)
!16 = !DILocation(line: 34, column: 10, scope: !15)
!17 = !DILocation(line: 34, column: 10, scope: !11, inlinedAt: !16)
!18 = !DILocation(line: 34, column: 10, scope: !12, inlinedAt: !17)
!21 = !DILocation(line: 18, column: 1, scope: !4)
!43 = distinct !DISubprogram(name: "main", scope: !2, file: !2, line: 15, type: !62, scopeLine: 15, spFlags: DISPFlagDefinition, unit: !3, retainedNodes: !63)
!44 = !DILocalVariable(name: "`argc", arg: 1, scope: !43, file: !2, line: 15, type: !25)
!45 = !DILocation(line: 15, column: 1, scope: !43)
!46 = !DILocalVariable(name: "`argv", arg: 2, scope: !43, file: !2, line: 15, type: !40)
!47 = !DILocation(line: 15, column: 1, scope: !43)
!48 = !DILocalVariable(name: "`envp", arg: 3, scope: !43, file: !2, line: 15, type: !42)
!49 = !DILocation(line: 15, column: 1, scope: !43)
!50 = !DILocation(line: 15, column: 1, scope: !43)
!51 = !DILocation(line: 15, column: 1, scope: !43)
!52 = !DILocation(line: 15, column: 1, scope: !43)
!53 = !DILocation(line: 15, column: 1, scope: !43)
!54 = !DILocation(line: 15, column: 1, scope: !43)
!55 = !DILocation(line: 15, column: 1, scope: !43)
!56 = !DILocation(line: 15, column: 1, scope: !43)
!57 = !DILocation(line: 15, column: 1, scope: !43)
!58 = !DILocation(line: 15, column: 1, scope: !43)
!59 = !DILocation(line: 15, column: 1, scope: !43)
!60 = !DILocation(line: 15, column: 1, scope: !43)
!61 = !DILocation(line: 15, column: 1, scope: !43)
