!2 = !DIFile(filename: "ttemplate_frames.nim", directory: "<dir>")
!4 = distinct !DISubprogram(name: "run", scope: !2, file: !2, line: 18, type: !19, scopeLine: 18, spFlags: DISPFlagDefinition, unit: !3, retainedNodes: !20)
!5 = !DILocalVariable(name: "p", arg: 1, scope: !4, file: !2, line: 18, type: !1)
!6 = !DILocation(line: 18, column: 1, scope: !4)
!7 = !DIFile(filename: "system.nim", directory: "<dir>")
!9 = !DILocation(line: 34, column: 10, scope: !8)
!11 = distinct !DISubprogram(name: "setElem", scope: !2, file: !2, line: 15, type: !10, scopeLine: 15, spFlags: DISPFlagDefinition, unit: !3)
!12 = distinct !DISubprogram(name: "[]=", scope: !7, file: !7, line: 33, type: !10, scopeLine: 33, spFlags: DISPFlagDefinition, unit: !3)
!13 = !DILocation(line: 34, column: 10, scope: !11, inlinedAt: !9)
!14 = !DILocation(line: 34, column: 10, scope: !12, inlinedAt: !13)
!16 = !DILocation(line: 34, column: 10, scope: !15)
!17 = !DILocation(line: 34, column: 10, scope: !11, inlinedAt: !16)
!18 = !DILocation(line: 34, column: 10, scope: !12, inlinedAt: !17)
!21 = !DILocation(line: 18, column: 1, scope: !4)
!25 = distinct !DISubprogram(name: "X60Qini_0_<mod>", scope: !2, file: !2, line: 15, type: !32, scopeLine: 15, spFlags: DISPFlagDefinition, unit: !3, retainedNodes: !33)
!26 = !DILocation(line: 15, column: 1, scope: !25)
!27 = !DILocation(line: 15, column: 1, scope: !25)
!28 = !DILocation(line: 15, column: 1, scope: !25)
!29 = !DILocation(line: 15, column: 1, scope: !25)
!30 = !DILocation(line: 15, column: 1, scope: !25)
!31 = !DILocation(line: 15, column: 1, scope: !25)
!34 = !DILocation(line: 15, column: 1, scope: !25)
!53 = distinct !DISubprogram(name: "main", scope: !2, file: !2, line: 15, type: !66, scopeLine: 15, spFlags: DISPFlagDefinition, unit: !3, retainedNodes: !67)
!54 = !DILocalVariable(name: "`argc", arg: 1, scope: !53, file: !2, line: 15, type: !35)
!55 = !DILocation(line: 15, column: 1, scope: !53)
!56 = !DILocalVariable(name: "`argv", arg: 2, scope: !53, file: !2, line: 15, type: !50)
!57 = !DILocation(line: 15, column: 1, scope: !53)
!58 = !DILocalVariable(name: "`envp", arg: 3, scope: !53, file: !2, line: 15, type: !52)
!59 = !DILocation(line: 15, column: 1, scope: !53)
!60 = !DILocation(line: 15, column: 1, scope: !53)
!61 = !DILocation(line: 15, column: 1, scope: !53)
!62 = !DILocation(line: 15, column: 1, scope: !53)
!63 = !DILocation(line: 15, column: 1, scope: !53)
!64 = !DILocation(line: 15, column: 1, scope: !53)
!65 = !DILocation(line: 15, column: 1, scope: !53)
